main.c:85:5:_write	24	static
main.c:91:6:Read_RX_PAYLOAD	16	static
main.c:108:9:is_Data_Ready	8	static
main.c:115:9:is_Address_Match	8	static
main.c:122:9:is_Carrier_Detect	8	static
main.c:129:6:set_Standby_mode	8	static
main.c:133:6:set_TxRx_mode	8	static
main.c:137:6:set_Tx_mode	8	static
main.c:141:6:set_Rx_mode	8	static
main.c:145:6:PWR_ON	8	static
main.c:149:6:PWR_OFF	8	static
main.c:153:6:set_Channel	16	static
main.c:168:6:read_reg	16	static
main.c:187:6:read_CONFIG	24	static
main.c:240:6:TX_radio	24	static
main.c:271:6:RX_radio	8	static
main.c:295:5:main	8	static
main.c:365:6:SystemClock_Config	88	static
main.c:408:6:Error_Handler	4	static,ignoring_inline_asm
