main.c:84:5:_write	24	static
main.c:90:6:Read_RX_PAYLOAD	16	static
main.c:106:9:is_Data_Ready	8	static
main.c:113:9:is_Address_Match	8	static
main.c:120:9:is_Carrier_Detect	8	static
main.c:127:6:set_Standby_mode	8	static
main.c:131:6:set_TxRx_mode	8	static
main.c:135:6:set_Tx_mode	8	static
main.c:139:6:set_Rx_mode	8	static
main.c:143:6:PWR_ON	8	static
main.c:147:6:PWR_OFF	8	static
main.c:151:6:set_Channel	16	static
main.c:166:6:read_reg	16	static
main.c:185:6:read_CONFIG	24	static
main.c:238:6:TX_radio	16	static
main.c:267:6:RX_radio	8	static
main.c:291:5:main	8	static
main.c:365:6:SystemClock_Config	96	static
main.c:413:6:Error_Handler	4	static,ignoring_inline_asm
