nrf905.c:12:6:delay_us	16	static
nrf905.c:17:6:Read_RX_PAYLOAD	24	static
nrf905.c:35:9:is_Data_Ready	8	static
nrf905.c:42:9:is_Address_Match	8	static
nrf905.c:49:9:is_Carrier_Detect	8	static
nrf905.c:56:6:set_RX_Payload_width	24	static
nrf905.c:70:6:set_TX_Payload_width	24	static
nrf905.c:84:6:set_Standby_mode	8	static
nrf905.c:88:6:set_TxRx_mode	8	static
nrf905.c:92:6:set_Tx_mode	8	static
nrf905.c:96:6:set_Rx_mode	8	static
nrf905.c:100:6:PWR_ON	8	static
nrf905.c:104:6:PWR_OFF	8	static
nrf905.c:108:6:Clock_enable	16	static
nrf905.c:121:6:Clock_disable	16	static
nrf905.c:134:6:set_CONFIG	24	static
nrf905.c:147:6:set_Channel	16	static
nrf905.c:162:6:read_reg	24	static
nrf905.c:182:6:read_CONFIG	24	static
nrf905.c:233:6:TX_radio	24	static
nrf905.c:270:6:RX_radio	16	static
