main.c:174:5:_write	24	static
main.c:179:6:SPI_CS_LOW	8	static
main.c:183:6:SPI_CS_HIGH	8	static
main.c:187:15:Read_Reg	24	static
main.c:199:6:Write_Reg	24	static
main.c:209:6:set_OPMODE	16	static
main.c:213:6:set_LoRa_mode	16	static
main.c:221:6:set_Freq	24	static
main.c:231:6:set_config	16	static
main.c:258:9:Receive	40	static
main.c:282:6:Write_Buf	280	static
main.c:296:6:Transmit	16	static
main.c:311:6:set_Power	16	static
main.c:323:5:receive2	40	static
main.c:354:6:receivepacket2	40	static
main.c:402:5:main	8	static
main.c:475:6:SystemClock_Config	96	static
main.c:523:6:Error_Handler	4	static,ignoring_inline_asm
